// Jest Snapshot v1, https://goo.gl/fbAQLP

exports[`Showpage - Bulbassaur 1`] = `null`;
